<html>
<body>
<pre>
<h1>µVision Build Log</h1>
<h2>Project:</h2>
D:\CS1021Projects\Lab-2-1-Flags\Flags.uvproj
Project File Date:  10/21/2016

<h2>Output:</h2>
Build target 'Simulator'
assembling Flags.s...
linking...
Program Size: Code=764 RO-data=32 RW-data=4 ZI-data=4364  
".\Flags.axf" - 0 Error(s), 0 Warning(s).
</pre>
</body>
</html>
ot created
0 Warning(s).
Target not created
rget not created
 not created
ted

".\Flags.axf" - 3 Error(s), 0 Warning(s).
Target not created
Error: Could not load file 'D:\CS1021Projects\Lab-2-1-Flags\Flags.axf'. Debugger aborted !
Error: Could not load file 'D:\CS1021Projects\Lab-2-1-Flags\Flags.axf'. Debugger aborted !
