<html>
<body>
<pre>
<h1>µVision Build Log</h1>
<h2>Project:</h2>
F:\CS1022Projects\Lab.2.1.StackReverse\StackReverse.uvproj
Project File Date:  01/31/2017

<h2>Output:</h2>
Build target 'Simulator'
assembling StackReverse.s...
linking...
Program Size: Code=756 RO-data=32 RW-data=12 ZI-data=4364  
".\Val2Dec.axf" - 0 Errors, 0 Warning(s).
Build target 'Simulator'
assembling StackReverse.s...
linking...
Program Size: Code=820 RO-data=32 RW-data=12 ZI-data=4364  
".\Val2Dec.axf" - 0 Errors, 0 Warning(s).
Build target 'Simulator'
assembling StackReverse.s...
linking...
Program Size: Code=820 RO-data=32 RW-data=12 ZI-data=4364  
".\Val2Dec.axf" - 0 Errors, 0 Warning(s).
