<html>
<body>
<pre>
<h1>µVision Build Log</h1>
<h2>Project:</h2>
U:\CS1021Projects\Lab.1.1.ArrayMove\ArrayMove.uvproj
Project File Date:  01/20/2017

<h2>Output:</h2>
Build target 'Simulator'
assembling ArrayMove.s...
linking...
Program Size: Code=772 RO-data=32 RW-data=40 ZI-data=4360  
".\ArrayMove.axf" - 0 Errors, 0 Warning(s).
Build target 'Simulator'
assembling ArrayMove.s...
ArrayMove.s(10): error: A1647E: Bad register name symbol, expected Integer register
ArrayMove.s(13): error: A1647E: Bad register name symbol, expected Integer register
".\ArrayMove.axf" - 2 Errors, 0 Warning(s).
Target not created
Build target 'Simulator'
assembling ArrayMove.s...
ArrayMove.s(19): error: A1516E: Bad symbol 'endwhile', not defined or external
".\ArrayMove.axf" - 1 Errors, 0 Warning(s).
Target not created
Build target 'Simulator'
assembling ArrayMove.s...
ArrayMove.s(20): error: A1163E: Unknown opcode endwhile , expecting opcode or Macro
".\ArrayMove.axf" - 1 Errors, 0 Warning(s).
Target not created
Build target 'Simulator'
assembling ArrayMove.s...
linking...
Program Size: Code=808 RO-data=32 RW-data=40 ZI-data=4360  
".\ArrayMove.axf" - 0 Errors, 0 Warning(s).
