<html>
<body>
<pre>
<h1>µVision Build Log</h1>
<h2>Project:</h2>
D:\CS1022Projects\Assignment.1.1.Adjust\Adjust.uvproj
Project File Date:  03/20/2017

<h2>Output:</h2>
Build target 'Simulator'
compiling font5x7.c...
compiling lcd_grph.c...
compiling lcd_hw.c...
compiling Retarget.c...
compiling Serial.c...
assembling LPC2400.s...
compiling main.c...
assembling Adjust.s...
linking...
Program Size: Code=6984 RO-data=808 RW-data=18144 ZI-data=311560  
".\Adjust.axf" - 0 Error(s), 0 Warning(s).
</pre>
</body>
</html>
