<html>
<body>
<pre>
<h1>µVision Build Log</h1>
<h2>Project:</h2>
D:\CS1022Projects\Assignment.1.2.MotionBlur\MotionBlur.uvproj
Project File Date:  03/13/2017

<h2>Output:</h2>
Build target 'Simulator'
assembling MotionBlur.s...
linking...
Program Size: Code=7140 RO-data=808 RW-data=18144 ZI-data=311560  
".\MotionBlur.axf" - 0 Error(s), 0 Warning(s).
</pre>
</body>
</html>
nBlur.s...
linking...
Program Size: Code=7144 RO-data=808 RW-data=18144 ZI-data=311560  
".\MotionBlur.axf" - 0 Error(s), 0 Warning(s).
s).
Error: Target DLL has been cancelled. Debugger aborted !
