<html>
<body>
<pre>
<h1>µVision Build Log</h1>
<h2>Project:</h2>
D:\CS1022Projects\Assignment.1.3.BonusEffect\BonusEffect.uvproj
Project File Date:  03/20/2017

<h2>Output:</h2>
Build target 'Simulator'
compiling font5x7.c...
compiling lcd_grph.c...
compiling lcd_hw.c...
compiling Retarget.c...
compiling Serial.c...
compiling main.c...
assembling BonusEffect.s...
linking...
Program Size: Code=7404 RO-data=808 RW-data=18144 ZI-data=311560  
".\BonusEffect.axf" - 0 Error(s), 0 Warning(s).
</pre>
</body>
</html>
